// Jest Snapshot v1, https://goo.gl/fbAQLP

exports[`DashboardCard should should match snapshot 1`] = `
<DocumentFragment>
  <div
    class="MuiPaper-root MuiPaper-outlined MuiPaper-rounded paper-card css-nizvdu-MuiPaper-root"
  >
    <div
      class="MuiBox-root css-0"
      role="button"
    >
      <h3
        class="MuiTypography-root MuiTypography-h3 MuiTypography-alignCenter css-p946lk-MuiTypography-root"
        style="--Typography-textAlign: center;"
      >
        My Dashboard Card
      </h3>
    </div>
  </div>
</DocumentFragment>
`;
